2026-04-19 16:01:23.082  1690-1713  AppsFilter              system_server                        I  interaction: PackageSetting{9d52f86 org.juneix.embyx/10231} -> PackageSetting{369a003 com.idormy.sms.forwarder/10384} BLOCKED
2026-04-19 16:01:23.082  1690-1713  AppsFilter              system_server                        I  interaction: PackageSetting{9d52f86 org.juneix.embyx/10231} -> PackageSetting{80c3b80 com.android.wallpaperpicker/10160} BLOCKED
2026-04-19 16:01:23.082  1690-1713  AppsFilter              system_server                        I  interaction: PackageSetting{9d52f86 org.juneix.embyx/10231} -> PackageSetting{c5685b9 com.kuangxiangciweimao.novel/10319} BLOCKED
2026-04-19 16:01:23.082  1690-1713  AppsFilter              system_server                        I  interaction: PackageSetting{9d52f86 org.juneix.embyx/10231} -> PackageSetting{3ab7dfe com.netease.cloudmusic/10306} BLOCKED
2026-04-19 16:01:23.082  1690-1713  AppsFilter              system_server                        I  interaction: PackageSetting{9d52f86 org.juneix.embyx/10231} -> PackageSetting{dc395f com.ct.client/10248} BLOCKED
2026-04-19 16:01:23.082  1690-1713  AppsFilter              system_server                        I  interaction: PackageSetting{9d52f86 org.juneix.embyx/10231} -> PackageSetting{5b98fac tv.danmaku.bili/10245} BLOCKED
2026-04-19 16:01:23.082  1690-1713  AppsFilter              system_server                        I  interaction: PackageSetting{9d52f86 org.juneix.embyx/10231} -> PackageSetting{4d0c475 com.android.captiveportallogin/10094} BLOCKED
2026-04-19 16:01:23.082  1690-1713  AppsFilter              system_server                        I  interaction: PackageSetting{9d52f86 org.juneix.embyx/10231} -> PackageSetting{3d7c0a cn.com.bookan/10322} BLOCKED
2026-04-19 16:01:23.082  1690-1713  AppsFilter              system_server                        I  interaction: PackageSetting{9d52f86 org.juneix.embyx/10231} -> PackageSetting{b593b32 com.android.internal.systemui.navbar.gestural_narrow_back/10047} BLOCKED
2026-04-19 16:01:23.082  1690-1713  AppsFilter              system_server                        I  interaction: PackageSetting{9d52f86 org.juneix.embyx/10231} -> PackageSetting{fb50c7b com.eg.android.AlipayGphone/10256} BLOCKED
2026-04-19 16:01:23.082  1690-1713  AppsFilter              system_server                        I  interaction: PackageSetting{9d52f86 org.juneix.embyx/10231} -> PackageSetting{c05fa98 com.github.metacubex.clash.meta/10314} BLOCKED
2026-04-19 16:01:23.082  1690-1713  AppsFilter              system_server                        I  interaction: PackageSetting{9d52f86 org.juneix.embyx/10231} -> PackageSetting{a7632f1 cn.wps.moffice_eng/10345} BLOCKED
2026-04-19 16:01:23.082  1690-1713  AppsFilter              system_server                        I  interaction: PackageSetting{9d52f86 org.juneix.embyx/10231} -> PackageSetting{f3f4ed6 com.greenpoint.android.mc10086.activity/10411} BLOCKED
2026-04-19 16:01:23.082  1690-1713  AppsFilter              system_server                        I  interaction: PackageSetting{9d52f86 org.juneix.embyx/10231} -> PackageSetting{77df557 com.youdao.translator/10348} BLOCKED
2026-04-19 16:01:23.082  1690-1713  AppsFilter              system_server                        I  interaction: PackageSetting{9d52f86 org.juneix.embyx/10231} -> PackageSetting{9ac2844 com.miui.core/10177} BLOCKED
2026-04-19 16:01:23.082  1690-1713  AppsFilter              system_server                        I  interaction: PackageSetting{9d52f86 org.juneix.embyx/10231} -> PackageSetting{b2a0d2d com.xzzl.aijuli/10369} BLOCKED
2026-04-19 16:01:23.085 16241-16551 ViewContentFactory      org.juneix.embyx                     D  initViewContentFetcherClass
2026-04-19 16:01:23.085 16241-16551 ViewContentFactory      org.juneix.embyx                     D  getInterceptorPackageInfo
2026-04-19 16:01:23.085 16241-16551 ViewContentFactory      org.juneix.embyx                     D  getInitialApplication took 0ms
2026-04-19 16:01:23.085 16241-16551 ViewContentFactory      org.juneix.embyx                     D  packageInfo.packageName: com.miui.contentcatcher
2026-04-19 16:01:23.085 16241-16551 ViewContentFactory      org.juneix.embyx                     D  initViewContentFetcherClass took 1ms
2026-04-19 16:01:23.086 16241-16551 ContentCatcher          org.juneix.embyx                     I  ViewContentFetcher : ViewContentFetcher
2026-04-19 16:01:23.086 16241-16551 ViewContentFactory      org.juneix.embyx                     D  createInterceptor took 1ms
2026-04-19 16:01:23.086 16241-16551 ContentCatcher_injector org.juneix.embyx                     D  Interceptor : notifyActivityCreate: org.juneix.embyx@org.juneix.embyx.MainActivity@260940270
2026-04-19 16:01:23.087 16241-16551 ContentCatcherManager   org.juneix.embyx                     E  failed to get ContentCatcherService.
2026-04-19 16:01:23.087 16241-16551 ContentCatcherManager   org.juneix.embyx                     E  failed to get ContentCatcherService.
2026-04-19 16:01:23.087 16241-16551 ContentCatcher_injector org.juneix.embyx                     D  Interceptor : NOT interest in this page: org.juneix.embyx@org.juneix.embyx.MainActivity@260940270
2026-04-19 16:01:23.087 16241-16551 ContentCatcher_catcher  org.juneix.embyx                     D  CatcherHolder : mCatcherList size: 0
2026-04-19 16:01:23.087 16241-16551 ContentCatcher_injector org.juneix.embyx                     D  Interceptor : notifyActivityStart: org.juneix.embyx@org.juneix.embyx.MainActivity@260940270
2026-04-19 16:01:23.087 16241-16551 ContentCatcher_catcher  org.juneix.embyx                     D  CatcherHolder : mCatcherList size: 0
2026-04-19 16:01:23.087 16241-16551 ContentCatcher_injector org.juneix.embyx                     D  Interceptor : notifyActivityResume: org.juneix.embyx@org.juneix.embyx.MainActivity@260940270
2026-04-19 16:01:23.087 16241-16551 ContentCatcher_catcher  org.juneix.embyx                     D  CatcherHolder : mCatcherList size: 0
2026-04-19 16:01:23.094 16241-16547 nativeloader            org.juneix.embyx                     I  Not need chang location 
2026-04-19 16:01:23.095 16241-16547 PowerHalWrapper         org.juneix.embyx                     I  PowerHalWrapper.getInstance 
2026-04-19 16:01:23.105 16241-16241 SurfaceFactory          org.juneix.embyx                     I  [static] sSurfaceFactory = com.mediatek.view.impl.SurfaceFactoryImpl@ae400c6
2026-04-19 16:01:23.105  1069-1783  SurfaceFlinger          surfaceflinger                       D  [SF client] NEW(0xb400007df2dc1980) for (16241:org.juneix.embyx)
2026-04-19 16:01:23.110 16241-16241 Compatibil...geReporter org.juneix.embyx                     D  Compat change id reported: 237531167; UID 10231; state: DISABLED
2026-04-19 16:01:23.117 16241-16548 libc                    org.juneix.embyx                     W  Access denied finding property "ro.vendor.display.iris_x7.support"
2026-04-19 16:01:23.120 16241-16241 VRI[MainActivity]       org.juneix.embyx                     D  hardware acceleration = true, forceHwAccelerated = false
2026-04-19 16:01:23.121  1069-2020  BufferQueueDebug        surfaceflinger                       E  [e2cee8c org.juneix.embyx/org.juneix.embyx.MainActivity#8785](this:0xb400007dcf0aca30,id:-1,api:0,p:-1,c:-1) id info cannot be read from 'e2cee8c org.juneix.embyx/org.juneix.embyx.MainActivity#8785'
2026-04-19 16:01:23.121  1069-2020  BufferQueueDebug        surfaceflinger                       I  [e2cee8c org.juneix.embyx/org.juneix.embyx.MainActivity#8785](this:0xb400007dcf0aca30,id:-1,api:0,p:-1,c:-1) BufferQueue core=(1069:/system/bin/surfaceflinger)
2026-04-19 16:01:23.124 16241-16241 libMEOW                 org.juneix.embyx                     D  meow new tls: 0xb400007208d96ec0
2026-04-19 16:01:23.124 16241-16241 libMEOW                 org.juneix.embyx                     D  applied 1 plugins for [org.juneix.embyx]:
2026-04-19 16:01:23.124 16241-16241 libMEOW                 org.juneix.embyx                     D    plugin 1: [libMEOW_gift.so]:
2026-04-19 16:01:23.128 16241-16241 Looper                  org.juneix.embyx                     W  PerfMonitor looperActivity : package=org.juneix.embyx/.MainActivity time=0ms latency=404ms running=0ms  procState=-1  historyMsgCount=4 (msgIndex=3 wall=255ms seq=3 running=251319083ms runnable=2768001ms late=35ms h=android.app.ActivityThread$H w=110) (msgIndex=4 wall=121ms seq=4 running=105315161ms runnable=6893614ms late=283ms h=android.app.ActivityThread$H w=159)
2026-04-19 16:01:23.128  2171-2171  RecentsImpl             com.miui.home                        D  mActivityStateObserver org.juneix.embyx.MainActivity
2026-04-19 16:01:23.128  2171-2171  RecentsImpl             com.miui.home                        W  onResumed className=org.juneix.embyx.MainActivity   mIsInAnotherPro=false   isKeyguardLocked=false   mSecuritySpaceGuideShown=false
2026-04-19 16:01:23.129  5251-5401  ActivityObserverUtil    com.miui.personalassistant           I  activityResumed ComponentInfo{org.juneix.embyx/org.juneix.embyx.MainActivity}
2026-04-19 16:01:23.129  5923-16458 VA_ActivityStateHelper  com.miui.voiceassist                 I  activityResumed componentName ComponentInfo{org.juneix.embyx/org.juneix.embyx.MainActivity}
2026-04-19 16:01:23.129  5251-5401  TopActivityMonitor      com.miui.personalassistant           I  send TopActivityChangeEvent=TopActivityChangeEvent(prev=ComponentInfo{com.miui.home/com.miui.home.launcher.Launcher}, current=ComponentInfo{org.juneix.embyx/org.juneix.embyx.MainActivity},appChanged=true)
2026-04-19 16:01:23.129  5251-6490  travelServ...erverUtils com.miui.personalassistant           I  activityResumed ComponentInfo{org.juneix.embyx/org.juneix.embyx.MainActivity}
2026-04-19 16:01:23.129  8261-9434  auth                    com.xiaomi.xmsf                      D  [XMS][Auth] ActivityObserver activityResumed packageName: org.juneix.embyx
2026-04-19 16:01:23.129  6768-6852  AppUpdateXmsfLauncher   com.xiaomi.xmsf                      D  activityResumed intent : Intent { cmp=org.juneix.embyx/.MainActivity (has extras) }
2026-04-19 16:01:23.129  2529-4027  MiuiFreefo...deObserver com.android.systemui                 D  activityResumed() intent： Intent { cmp=org.juneix.embyx/.MainActivity (has extras) }
2026-04-19 16:01:23.129  2529-2695  MiuiFullSc...Repository com.android.systemui                 D  setFocusedTask taskId=9019, displayId=0, topActivity=ComponentInfo{org.juneix.embyx/org.juneix.embyx.MainActivity}
2026-04-19 16:01:23.129  2529-2695  MiuiFullSc...Repository com.android.systemui                 D  addOrUpdateFullScreenTaskInfo taskId=9019, topActivity=ComponentInfo{org.juneix.embyx/org.juneix.embyx.MainActivity}
2026-04-19 16:01:23.186  1690-1713  CoreBackPreview         system_server                        D  Window{e2cee8c u0 org.juneix.embyx/org.juneix.embyx.MainActivity}: Setting back callback OnBackInvokedCallbackInfo{mCallback=android.window.IOnBackInvokedCallback$Stub$Proxy@b82ce51, mPriority=0, mIsAnimationCallback=false}
2026-04-19 16:01:23.210  1069-1783  BufferQueueDebug        surfaceflinger                       E  [org.juneix.embyx/org.juneix.embyx.MainActivity#8786](this:0xb400007dd90aca30,id:-1,api:0,p:-1,c:-1) id info cannot be read from 'org.juneix.embyx/org.juneix.embyx.MainActivity#8786'
2026-04-19 16:01:23.210  1069-1783  BufferQueueDebug        surfaceflinger                       I  [org.juneix.embyx/org.juneix.embyx.MainActivity#8786](this:0xb400007dd90aca30,id:-1,api:0,p:-1,c:-1) BufferQueue core=(1069:/system/bin/surfaceflinger)
2026-04-19 16:01:23.212  1690-1713  WindowManager           system_server                        W  Changing focus from null to Window{e2cee8c u0 org.juneix.embyx/org.juneix.embyx.MainActivity} displayId=0 Callers=com.android.server.wm.RootWindowContainer.updateFocusedWindowLocked:539 com.android.server.wm.WindowManagerService.updateFocusedWindowLocked:6779 com.android.server.wm.WindowManagerService.relayoutWindow:2894 com.android.server.wm.Session.relayout:263 
2026-04-19 16:01:23.213  1690-1713  WindowManager           system_server                        D  wms.Input focus has changed to Window{e2cee8c u0 org.juneix.embyx/org.juneix.embyx.MainActivity} display=0 updateInputWindows = true
2026-04-19 16:01:23.213  1690-1713  WindowManager           system_server                        I  Relayout Window{e2cee8c u0 org.juneix.embyx/org.juneix.embyx.MainActivity}: oldVis=4 newVis=0 focusMayChange = true requestedWidth = 1080 requestedHeight = 2460 outFrames = ClientWindowFrames{frame=[0,0][1080,2460] display=[0,0][1080,2460] parentFrame=[0,0][0,0]} outSurfaceControl = Surface(name=org.juneix.embyx/org.juneix.embyx.MainActivity)/@0x2e4ad90
2026-04-19 16:01:23.215 16241-16241 BufferQueueConsumer     org.juneix.embyx                     D  [](id:3f7100000000,api:0,p:-1,c:16241) connect: controlledByApp=false
2026-04-19 16:01:23.218 16241-16548 libMEOW                 org.juneix.embyx                     D  meow new tls: 0xb4000071ce3719c0
2026-04-19 16:01:23.218 16241-16548 libMEOW                 org.juneix.embyx                     D  applied 1 plugins for [org.juneix.embyx]:
2026-04-19 16:01:23.218 16241-16548 libMEOW                 org.juneix.embyx                     D    plugin 1: [libMEOW_gift.so]:
2026-04-19 16:01:23.218  1690-1742  SurfaceComposerClient   system_server                        D  Transaction::apply InputWindowCommands.focusRequests timestamp=36781137220653, windowName=e2cee8c org.juneix.embyx/org.juneix.embyx.MainActivity
2026-04-19 16:01:23.218  1069-2020  SurfaceFlinger          surfaceflinger                       I  sf.setTransactionState focusRequest transactionId:7258494791726 frontWin:e2cee8c org.juneix.embyx/org.juneix.embyx.MainActivity
2026-04-19 16:01:23.222 16241-16241 VRI[MainActivity]       org.juneix.embyx                     D  vri.reportNextDraw android.view.ViewRootImpl.performTraversals:4376 android.view.ViewRootImpl.doTraversal:2992 android.view.ViewRootImpl$TraversalRunnable.run:10469 android.view.Choreographer$CallbackRecord.run:1671 android.view.Choreographer$CallbackRecord.run:1680 
2026-04-19 16:01:23.223 16241-16241 VRI[MainActivity]       org.juneix.embyx                     D  vri.Setup new sync=wmsSync-VRI[MainActivity]#0
2026-04-19 16:01:23.225  1069-1069  SurfaceFlinger          surfaceflinger                       D  Focus addInputWindowCommands timestamp=36781137220653, windowName=e2cee8c org.juneix.embyx/org.juneix.embyx.MainActivity
2026-04-19 16:01:23.225  1069-1069  SurfaceFlinger          surfaceflinger                       D  Find Focus windowName=e2cee8c org.juneix.embyx/org.juneix.embyx.MainActivity, notVisible=1
2026-04-19 16:01:23.225  1069-1069  Layer                   surfaceflinger                       D  Focus: org.juneix.embyx/org.juneix.embyx.MainActivity#8786 isHiddenByPolicy s.flags&layer_state_t::eLayerHidden=1
2026-04-19 16:01:23.225  1069-1733  SurfaceFlinger          surfaceflinger                       D  updateWinowInfo=1, setFocusedWindow timestamp=36781137220653, windowName=e2cee8c org.juneix.embyx/org.juneix.embyx.MainActivity
2026-04-19 16:01:23.227 16241-16548 libc                    org.juneix.embyx                     W  Access denied finding property "vendor.migl.debug"
2026-04-19 16:01:23.227 16241-16548 libMiGL                 org.juneix.embyx                     E  libmigl:This GPU version is note support Variable Shading Rate
2026-04-19 16:01:23.228 16241-16548 libEGL                  org.juneix.embyx                     E  pre_cache appList: com.sina.weibo,com.ss.android.article.news,com.taobao.taobao,com.smile.gifmaker,com.ss.android.ugc.aweme,com.tencent.mm,tv.danmaku.bili,,,,,
2026-04-19 16:01:23.229 16241-16548 OpenGLRenderer          org.juneix.embyx                     E  Unable to match the desired swap behavior.
2026-04-19 16:01:23.234 16241-16548 OpenGLRenderer          org.juneix.embyx                     D  makeCurrent grContext:0xb4000071ce4fcea0 reset mTextureAvailable
2026-04-19 16:01:23.235 16241-16548 org.juneix.embyx        org.juneix.embyx                     D  MiuiProcessManagerServiceStub setSchedFifo
2026-04-19 16:01:23.235 16241-16548 MiuiProcessManagerImpl  org.juneix.embyx                     I  setSchedFifo pid:16241, mode:3
2026-04-19 16:01:23.236 16241-16548 libc                    org.juneix.embyx                     W  Access denied finding property "ro.vendor.magt.mtk_magt_support"
2026-04-19 16:01:23.236 16241-16548 MAGT_SYNC_FRAME         org.juneix.embyx                     D  MAGT Sync: MAGT is not supported. Disabling Sync.
2026-04-19 16:01:23.237 16241-16548 libc                    org.juneix.embyx                     W  Access denied finding property "ro.vendor.display.iris_x7.support"
2026-04-19 16:01:23.240 16241-16548 LB                      org.juneix.embyx                     E  fail to open file: No such file or directory
2026-04-19 16:01:23.240 16241-16548 LB                      org.juneix.embyx                     E  fail to open node: No such file or directory
2026-04-19 16:01:23.240 16241-16548 libc                    org.juneix.embyx                     W  Access denied finding property "ro.vendor.display.iris_x7.support"
2026-04-19 16:01:23.240 16241-16548 BLASTBufferQueue        org.juneix.embyx                     D  [VRI[MainActivity]#0](f:0,a:1) acquireNextBufferLocked size=1080x2460 mFrameNumber=1 applyTransaction=true mTimestamp=36781163620345(auto) mPendingTransactions.size=0 graphicBufferId=69754563854339 transform=0
2026-04-19 16:01:23.240 16241-16241 VRI[MainActivity]       org.juneix.embyx                     D  vri.reportDrawFinished
2026-04-19 16:01:23.241  1690-1713  WindowManager           system_server                        W  finishDrawingWindow: Window{e2cee8c u0 org.juneix.embyx/org.juneix.embyx.MainActivity} mDrawState=DRAW_PENDING
2026-04-19 16:01:23.241  1690-1713  WindowManager           system_server                        D  wms.finishDrawingLocked: mDrawState=COMMIT_DRAW_PENDING Window{e2cee8c u0 org.juneix.embyx/org.juneix.embyx.MainActivity} in Surface(name=org.juneix.embyx/org.juneix.embyx.MainActivity)/@0x59ff689
2026-04-19 16:01:23.241  1069-2020  BufferQueueDebug        surfaceflinger                       E  [Surface(name=e2cee8c org.juneix.embyx/org.juneix.embyx.MainActivity)/@0x92fe68e - animation-leash of starting_reveal#8789](this:0xb400007dcee9fa30,id:-1,api:0,p:-1,c:-1) id info cannot be read from 'Surface(name=e2cee8c org.juneix.embyx/org.juneix.embyx.MainActivity)/@0x92fe68e - animation-leash of starting_reveal#8789'
2026-04-19 16:01:23.242  1069-2020  BufferQueueDebug        surfaceflinger                       I  [Surface(name=e2cee8c org.juneix.embyx/org.juneix.embyx.MainActivity)/@0x92fe68e - animation-leash of starting_reveal#8789](this:0xb400007dcee9fa30,id:-1,api:0,p:-1,c:-1) BufferQueue core=(1069:/system/bin/surfaceflinger)
2026-04-19 16:01:23.242  1690-1742  WindowManager           system_server                        W  real show surface org.juneix.embyx/org.juneix.embyx.MainActivity sc:Surface(name=org.juneix.embyx/org.juneix.embyx.MainActivity)/@0x59ff689
2026-04-19 16:01:23.244  1690-1722  ActivityTaskManager     system_server                        I  Displayed org.juneix.embyx/.MainActivity for user 0: +1s335ms
2026-04-19 16:01:23.248  1690-3882  CoreBackPreview         system_server                        D  Window{12cf434 u0 Splash Screen org.juneix.embyx}: Setting back callback null
2026-04-19 16:01:23.248  1690-3882  InputManager-JNI        system_server                        W  Input channel object '12cf434 Splash Screen org.juneix.embyx (client)' was disposed without first being removed with the input manager!
2026-04-19 16:01:23.248  1069-2020  BufferQueueDebug        surfaceflinger                       E  [Surface(name=12cf434 Splash Screen org.juneix.embyx)/@0x3a76cb - animation-leash of window_animation#8790](this:0xb400007dcef6ba30,id:-1,api:0,p:-1,c:-1) id info cannot be read from 'Surface(name=12cf434 Splash Screen org.juneix.embyx)/@0x3a76cb - animation-leash of window_animation#8790'
2026-04-19 16:01:23.248  1069-2020  BufferQueueDebug        surfaceflinger                       I  [Surface(name=12cf434 Splash Screen org.juneix.embyx)/@0x3a76cb - animation-leash of window_animation#8790](this:0xb400007dcef6ba30,id:-1,api:0,p:-1,c:-1) BufferQueue core=(1069:/system/bin/surfaceflinger)
2026-04-19 16:01:23.253 16241-16548 libc                    org.juneix.embyx                     W  Access denied finding property "ro.vendor.display.iris_x7.support"
2026-04-19 16:01:23.254  1690-1741  PowerHalWrapper         system_server                        I  amsBoostNotify pid:2171,activity:com.miui.home.launcher.Launcher, package:com.miui.home, mProcessCreatePackorg.juneix.embyx 
2026-04-19 16:01:23.259 16241-16241 HandWritingStubImpl     org.juneix.embyx                     I  refreshLastKeyboardType: 1
2026-04-19 16:01:23.260 16241-16241 HandWritingStubImpl     org.juneix.embyx                     I  getCurrentKeyboardType: 1
2026-04-19 16:01:23.260  1690-7077  ImeTracker              system_server                        I  org.juneix.embyx:48761656: onRequestHide at ORIGIN_SERVER_HIDE_INPUT reason HIDE_UNSPECIFIED_WINDOW
2026-04-19 16:01:23.261  1690-7077  ImeTracker              system_server                        I  org.juneix.embyx:48761656: onCancelled at PHASE_SERVER_SHOULD_HIDE
2026-04-19 16:01:23.263  1069-2020  MI-SF                   surfaceflinger                       D  updateScene: module = 270 (Unknown), value = 0, pkg = org.juneix.embyx
2026-04-19 16:01:23.275  5923-6468  VA_ActivityUtils        com.miui.voiceassist                 D  getTopActivity packageName:ComponentInfo{org.juneix.embyx/org.juneix.embyx.MainActivity}
2026-04-19 16:01:23.276  5923-6468  VA_AppStateWatcher      com.miui.voiceassist                 D  currentPkgName:org.juneix.embyx, className:org.juneix.embyx.MainActivity, lastPkgName:org.juneix.embyx
2026-04-19 16:01:23.339 16241-16241 ExoPlayerImpl           org.juneix.embyx                     I  Init 55e3005 [AndroidXMedia3/1.4.1] [pearl, 23054RA19C, Xiaomi, 34]
2026-04-19 16:01:23.393 16241-16241 ExoPlayerImpl           org.juneix.embyx                     I  Init 8e8995f [AndroidXMedia3/1.4.1] [pearl, 23054RA19C, Xiaomi, 34]
2026-04-19 16:01:23.404  1690-1742  WindowManager           system_server                        D  setParent old=ActivityRecord{424037a u0 org.juneix.embyx/.MainActivity t9019},new=null,this window=Window{12cf434 u0 Splash Screen org.juneix.embyx},callers=com.android.server.wm.WindowContainer.removeChild:821 com.android.server.wm.ActivityRecord.removeChild:5150 com.android.server.wm.ActivityRecord.removeChild:458 com.android.server.wm.WindowContainer.removeImmediately:879 com.android.server.wm.WindowState.removeImmediately:2492 com.android.server.wm.WindowState.destroySurface:3577 
2026-04-19 16:01:23.418  1069-1069  BufferQueueDebug        surfaceflinger                       I  [Surface(name=12cf434 Splash Screen org.juneix.embyx)/@0x3a76cb - animation-leash of window_animation#8790](this:0xb400007dcef6ba30,id:-1,api:0,p:-1,c:1069) onDestructor()
2026-04-19 16:01:23.418  1069-1069  BufferQueueDebug        surfaceflinger                       I  [12cf434 Splash Screen org.juneix.embyx#8777](this:0xb400007dcf243a30,id:-1,api:0,p:-1,c:1069) onDestructor()
2026-04-19 16:01:23.418  1069-1069  BufferQueueDebug        surfaceflinger                       I  [Splash Screen org.juneix.embyx#8778](this:0xb400007dd90a9a30,id:-1,api:0,p:-1,c:1069) onDestructor()
2026-04-19 16:01:23.426 16241-16241 HandWritingStubImpl     org.juneix.embyx                     I  getCurrentKeyboardType: 1
2026-04-19 16:01:23.494 16241-16572 okhttp.OkHttpClient     org.juneix.embyx                     I  --> GET http://192.168.123.235:8096/emby/Users/42bfb4f70a60445dbcf899ec9b892e3c/Items?Recursive=true&IncludeItemTypes=Movie%2CEpisode%2CVideo&Limit=99&StartIndex=0&Fields=Overview%2CRunTimeTicks%2CImageTags%2CUserData&Filters=IsFavorite&SortBy=DateCreated&SortOrder=Descending
2026-04-19 16:01:23.498 16241-16572 TrafficStats            org.juneix.embyx                     D  tagSocket(153) with statsTag=0xffffffff, statsUid=-1
2026-04-19 16:01:23.524 16241-16572 okhttp.OkHttpClient     org.juneix.embyx                     I  <-- 200 OK http://192.168.123.235:8096/emby/Users/42bfb4f70a60445dbcf899ec9b892e3c/Items?Recursive=true&IncludeItemTypes=Movie%2CEpisode%2CVideo&Limit=99&StartIndex=0&Fields=Overview%2CRunTimeTicks%2CImageTags%2CUserData&Filters=IsFavorite&SortBy=DateCreated&SortOrder=Descending&api_key=12037fb6078245f0b7d39480165643a6 (30ms, unknown-length body)
2026-04-19 16:01:23.558 16241-16241 Compatibil...geReporter org.juneix.embyx                     D  Compat change id reported: 210923482; UID 10231; state: ENABLED
2026-04-19 16:01:23.562  1069-1201  SurfaceFlinger          surfaceflinger                       D  [SF client] NEW(0xb400007de0d77680) for (16241:org.juneix.embyx)
2026-04-19 16:01:23.566 16241-16241 MiuiMultiWindowUtils    org.juneix.embyx                     D  freeform resolution args raw data:{  "wide_default":{    "freeform_args": {        "vertical_portrait":{"aspect_ratio":0.626, "original_ratio":0.5643,"original_scale":0.74,"top_margin":0.168,"left_margin":0.484},        "horizontal_portrait":{"aspect_ratio":0.626, "original_ratio":0.5643,"original_scale":0.74,"top_margin":0.1222,"left_margin":0.59745},        "vertical_landscape":{"aspect_ratio":1.6, "original_ratio":1,"original_scale":0.604,"top_margin":0.2596,"left_margin":0.2624},        "horizontal_landscape":{"aspect_ratio":1.6, "original_ratio":1,"original_scale":0.604,"top_margin":0.213,"left_margin":0.3758}    },    "mini_freeform_args":{        "vertical_portrait":{"original_ratio":0.147},        "horizontal_portrait":{"original_ratio":0.147},        "vertical_landscape":{"original_ratio":0.165},        "horizontal_landscape":{"original_ratio":0.165}    }  },  "narrow_default": {    "freeform_args": {        "vertical_portrait":{"aspect_ratio":0.626, "original_ratio":1,"original_scale":0.74,"top_margin":0.0753,"left_margin":-1},        "horizontal_portrait":{"aspect_ratio":0.626, "original_ratio":1,"original_scale":0.5756,"top_margin":-1,"left_margin":0.0753},        "vertical_landscape":{"aspect_ratio":1.6, "original_ratio":0.6847,"original_scale":0.587,"top_margin":0.0753,"left_margin":-1},        "horizontal_landscape":{"aspect_ratio":1.6, "original_ratio":0.6847,"original_scale":0.587,"top_margin":-1,"left_margin":0.0753}    },    "mini_freeform_args":{        "vertical_portrait":{"original_ratio":0.26},        "horizontal_portrait":{"original_ratio":0.26},        "vertical_landscape":{"original_ratio":0.293},        "horizontal_landscape":{"original_ratio":0.293}    }  },  "regular_default": {    "freeform_args": {      "vertical_portrait":{"aspect_ratio":0.625, "original_ratio":1,"original_scale":0.7,"top_margin":0.109,"left_margin":-1},      "horizontal_portrait":{"aspect_ratio":0.6667, "original_ratio":1,"original_scale":0.6102,"top_margin":-1,"left_margin":0.026},      "vertical_landscape":{"aspect_ratio":1.6, "original_ratio":1,"original_scale":0.4244,"top_margin":0.109,"left_margin":-1},      "horizontal_landscape":{"aspect_ratio":1.6, "original_ratio":1,"original_scale":0.4244,"top_margin":-1,"left_margin":0.026}    },    "mini_freeform_args":{      "vertical_portrait":{"original_ratio":0.25},      "horizontal_portrait":{"original_ratio":0.25},      "vertical_landscape":{"original_ratio":0.25},      "horizontal_landscape":{"original_ratio":0.25}    }  },  "pad_default": {    "freeform_args": {      "vertical_portrait":{"aspect_ratio":0.5625, "original_ratio":0.375,"original_scale":0.835,"top_margin":0.049,"left_margin":0.2775},      "horizontal_portrait":{"aspect_ratio":0.5625, "original_ratio":0.375,"original_scale":0.835,"top_margin":-1,"left_margin":0.6525},      "vertical_landscape":{"aspect_ratio":-1, "original_ratio":1,"original_scale":0.468,"top_margin":0.049,"left_margin":-1},      "horizontal_landscape":{"aspect_ratio":-1, "original_ratio":1,"original_scale":0.468,"top_margin":-1,"left_margin":0.4976}    },    "mini_freeform_args":{      "vertical_portrait":{"original_ratio":0.144},      "horizontal_portrait":{"original_ratio":0.144},      "vertical_landscape":{"original_ratio":0.2},      "horizontal_landscape":{"original_ratio":0.2}    }  }}
2026-04-19 16:01:23.567 16241-16241 MiuiMultiWindowUtils    org.juneix.embyx                     D  initFreeFormResolutionArgs failed, device is pearl
2026-04-19 16:01:23.567 16241-16241 IS_CTS_MODE             org.juneix.embyx                     D  false
2026-04-19 16:01:23.567 16241-16241 MULTI_WIND...CH_ENABLED org.juneix.embyx                     D  false
2026-04-19 16:01:23.585 16241-16241 Compatibil...geReporter org.juneix.embyx                     D  Compat change id reported: 171228096; UID 10231; state: ENABLED
2026-04-19 16:01:23.588 16241-16241 ScrollerOp...ionManager org.juneix.embyx                     D  registerConfigChangedListener
2026-04-19 16:01:23.652 16241-16241 ScrollerOp...ionManager org.juneix.embyx                     D  registerConfigChangedListener
2026-04-19 16:01:23.673  1690-3882  PowerManagerServiceImpl system_server                        I  Acquire wakelock: SCREEN_BRIGHT_WAKE_LOCK        'WindowManager/displayId:0' ON_AFTER_RELEASE (uid=1000 pid=1690 pkg=android ws=WorkSource{10231 org.juneix.embyx})
2026-04-19 16:01:23.716 16241-16575 okhttp.OkHttpClient     org.juneix.embyx                     I  --> GET http://192.168.123.235:8096/emby/Users/42bfb4f70a60445dbcf899ec9b892e3c/Items?Recursive=true&IncludeItemTypes=Playlist
2026-04-19 16:01:23.717 16241-16575 TrafficStats            org.juneix.embyx                     D  tagSocket(158) with statsTag=0xffffffff, statsUid=-1
2026-04-19 16:01:23.720 16241-16576 okhttp.OkHttpClient     org.juneix.embyx                     I  --> GET http://192.168.123.235:8096/emby/Users/42bfb4f70a60445dbcf899ec9b892e3c/Items?Recursive=true&IncludeItemTypes=Movie%2CEpisode%2CVideo&Limit=99&StartIndex=0&Fields=Overview%2CRunTimeTicks%2CImageTags%2CUserData&SortBy=Random
2026-04-19 16:01:23.721 16241-16576 TrafficStats            org.juneix.embyx                     D  tagSocket(163) with statsTag=0xffffffff, statsUid=-1
2026-04-19 16:01:23.734 16241-16575 okhttp.OkHttpClient     org.juneix.embyx                     I  <-- 200 OK http://192.168.123.235:8096/emby/Users/42bfb4f70a60445dbcf899ec9b892e3c/Items?Recursive=true&IncludeItemTypes=Playlist&api_key=12037fb6078245f0b7d39480165643a6 (18ms, unknown-length body)
2026-04-19 16:01:23.748 16241-16241 Choreographer           org.juneix.embyx                     I  Skipped 34 frames!  The application may be doing too much work on its main thread.
2026-04-19 16:01:23.751 16241-16579 System                  org.juneix.embyx                     W  ClassLoader referenced unknown path: /system/framework/tcmclient.jar
2026-04-19 16:01:23.751 16241-16579 System                  org.juneix.embyx                     W  ClassLoader referenced unknown path: /system/framework/tcmiface.jar
2026-04-19 16:01:23.751 16241-16579 System                  org.juneix.embyx                     W  ClassLoader referenced unknown path: /system/framework/tcmclient.jar
2026-04-19 16:01:23.751 16241-16579 System                  org.juneix.embyx                     W  ClassLoader referenced unknown path: /system/framework/tcmiface.jar
2026-04-19 16:01:23.757 16241-16579 TrafficStats            org.juneix.embyx                     D  tagSocket(164) with statsTag=0xffffffff, statsUid=-1
2026-04-19 16:01:23.757 16241-16581 okhttp.OkHttpClient     org.juneix.embyx                     I  --> POST http://192.168.123.235:8096/emby/Items/15299/PlaybackInfo?UserId=42bfb4f70a60445dbcf899ec9b892e3c&IsPlayback=true&AutoOpenLiveStream=true&AudioStreamIndex=1&SubtitleStreamIndex=-1&reqformat=json&MaxStreamingBitrate=10000000 (1044-byte body)
2026-04-19 16:01:23.758 16241-16581 TrafficStats            org.juneix.embyx                     D  tagSocket(166) with statsTag=0xffffffff, statsUid=-1
2026-04-19 16:01:23.761 16241-16241 SurfaceView             org.juneix.embyx                     D  UPDATE null, mIsCastMode = false
2026-04-19 16:01:23.762  1069-1201  BufferQueueDebug        surfaceflinger                       E  [Bounds for - org.juneix.embyx/org.juneix.embyx.MainActivity#8792](this:0xb400007dd9211a30,id:-1,api:0,p:-1,c:-1) id info cannot be read from 'Bounds for - org.juneix.embyx/org.juneix.embyx.MainActivity#8792'
2026-04-19 16:01:23.762  1069-1201  BufferQueueDebug        surfaceflinger                       I  [Bounds for - org.juneix.embyx/org.juneix.embyx.MainActivity#8792](this:0xb400007dd9211a30,id:-1,api:0,p:-1,c:-1) BufferQueue core=(1069:/system/bin/surfaceflinger)
2026-04-19 16:01:23.762  1069-1201  BufferQueueDebug        surfaceflinger                       E  [SurfaceView[org.juneix.embyx/org.juneix.embyx.MainActivity]#8793](this:0xb400007dd92c6a30,id:-1,api:0,p:-1,c:-1) id info cannot be read from 'SurfaceView[org.juneix.embyx/org.juneix.embyx.MainActivity]#8793'
2026-04-19 16:01:23.762  1069-1201  BufferQueueDebug        surfaceflinger                       I  [SurfaceView[org.juneix.embyx/org.juneix.embyx.MainActivity]#8793](this:0xb400007dd92c6a30,id:-1,api:0,p:-1,c:-1) BufferQueue core=(1069:/system/bin/surfaceflinger)
2026-04-19 16:01:23.763  1069-1201  BufferQueueDebug        surfaceflinger                       E  [SurfaceView[org.juneix.embyx/org.juneix.embyx.MainActivity](BLAST)#8794](this:0xb400007dd92efa30,id:-1,api:0,p:-1,c:-1) id info cannot be read from 'SurfaceView[org.juneix.embyx/org.juneix.embyx.MainActivity](BLAST)#8794'
2026-04-19 16:01:23.763  1069-1201  BufferQueueDebug        surfaceflinger                       I  [SurfaceView[org.juneix.embyx/org.juneix.embyx.MainActivity](BLAST)#8794](this:0xb400007dd92efa30,id:-1,api:0,p:-1,c:-1) BufferQueue core=(1069:/system/bin/surfaceflinger)
2026-04-19 16:01:23.763  1069-1201  BufferQueueDebug        surfaceflinger                       E  [Background for SurfaceView[org.juneix.embyx/org.juneix.embyx.MainActivity]#8795](this:0xb400007dd92f2a30,id:-1,api:0,p:-1,c:-1) id info cannot be read from 'Background for SurfaceView[org.juneix.embyx/org.juneix.embyx.MainActivity]#8795'
2026-04-19 16:01:23.763  1069-1201  BufferQueueDebug        surfaceflinger                       I  [Background for SurfaceView[org.juneix.embyx/org.juneix.embyx.MainActivity]#8795](this:0xb400007dd92f2a30,id:-1,api:0,p:-1,c:-1) BufferQueue core=(1069:/system/bin/surfaceflinger)
2026-04-19 16:01:23.763 16241-16241 BufferQueueConsumer     org.juneix.embyx                     D  [](id:3f7100000001,api:0,p:-1,c:16241) connect: controlledByApp=false
2026-04-19 16:01:23.767 16241-16581 okhttp.OkHttpClient     org.juneix.embyx                     I  <-- 200 OK http://192.168.123.235:8096/emby/Items/15299/PlaybackInfo?UserId=42bfb4f70a60445dbcf899ec9b892e3c&IsPlayback=true&AutoOpenLiveStream=true&AudioStreamIndex=1&SubtitleStreamIndex=-1&reqformat=json&MaxStreamingBitrate=10000000&api_key=12037fb6078245f0b7d39480165643a6 (9ms, 2889-byte body)
2026-04-19 16:01:23.781 16241-16576 okhttp.OkHttpClient     org.juneix.embyx                     I  <-- 200 OK http://192.168.123.235:8096/emby/Users/42bfb4f70a60445dbcf899ec9b892e3c/Items?Recursive=true&IncludeItemTypes=Movie%2CEpisode%2CVideo&Limit=99&StartIndex=0&Fields=Overview%2CRunTimeTicks%2CImageTags%2CUserData&SortBy=Random&api_key=12037fb6078245f0b7d39480165643a6 (61ms, unknown-length body)
2026-04-19 16:01:23.790 16241-16575 okhttp.OkHttpClient     org.juneix.embyx                     I  --> GET http://192.168.123.235:8096/emby/Users/42bfb4f70a60445dbcf899ec9b892e3c/Views
2026-04-19 16:01:23.796  1690-1713  ClipboardServiceI       system_server                        I  checkProviderWakePathForClipboard: org.juneix.embyxis not a activePermissionOwner
2026-04-19 16:01:23.796 16241-16575 okhttp.OkHttpClient     org.juneix.embyx                     I  <-- 200 OK http://192.168.123.235:8096/emby/Users/42bfb4f70a60445dbcf899ec9b892e3c/Views?api_key=12037fb6078245f0b7d39480165643a6 (5ms, unknown-length body)
2026-04-19 16:01:23.798 16241-16241 AndroidRuntime          org.juneix.embyx                     E  FATAL EXCEPTION: main
                                                                                                    Process: org.juneix.embyx, PID: 16241
                                                                                                    java.lang.IllegalStateException: java.lang.ClassNotFoundException: androidx.media3.exoplayer.hls.HlsMediaSource$Factory
                                                                                                    	at androidx.media3.exoplayer.source.DefaultMediaSourceFactory.createMediaSource(DefaultMediaSourceFactory.java:481)
                                                                                                    	at androidx.media3.exoplayer.ExoPlayerImpl.createMediaSources(ExoPlayerImpl.java:1971)
                                                                                                    	at androidx.media3.exoplayer.ExoPlayerImpl.setMediaItems(ExoPlayerImpl.java:602)
                                                                                                    	at androidx.media3.common.BasePlayer.setMediaItem(BasePlayer.java:46)
                                                                                                    	at org.juneix.embyx.ui.home.PlayerFeedScreenKt$PlayerFeedScreen$22$3.invokeSuspend(PlayerFeedScreen.kt:616)
                                                                                                    	at kotlin.coroutines.jvm.internal.BaseContinuationImpl.resumeWith(ContinuationImpl.kt:33)
                                                                                                    	at kotlinx.coroutines.DispatchedTask.run(DispatchedTask.kt:104)
                                                                                                    	at androidx.compose.ui.platform.AndroidUiDispatcher.performTrampolineDispatch(AndroidUiDispatcher.android.kt:81)
                                                                                                    	at androidx.compose.ui.platform.AndroidUiDispatcher.access$performTrampolineDispatch(AndroidUiDispatcher.android.kt:41)
                                                                                                    	at androidx.compose.ui.platform.AndroidUiDispatcher$dispatchCallback$1.run(AndroidUiDispatcher.android.kt:57)
                                                                                                    	at android.os.Handler.handleCallback(Handler.java:958)
                                                                                                    	at android.os.Handler.dispatchMessage(Handler.java:99)
                                                                                                    	at android.os.Looper.loopOnce(Looper.java:222)
                                                                                                    	at android.os.Looper.loop(Looper.java:314)
                                                                                                    	at android.app.ActivityThread.main(ActivityThread.java:8706)
                                                                                                    	at java.lang.reflect.Method.invoke(Native Method)
                                                                                                    	at com.android.internal.os.RuntimeInit$MethodAndArgsCaller.run(RuntimeInit.java:565)
                                                                                                    	at com.android.internal.os.ZygoteInit.main(ZygoteInit.java:1042)
                                                                                                    	Suppressed: kotlinx.coroutines.internal.DiagnosticCoroutineContextException: [androidx.compose.ui.platform.MotionDurationScaleImpl@e2812b4, androidx.compose.runtime.BroadcastFrameClock@7fafedd, StandaloneCoroutine{Cancelling}@b740a52, AndroidUiDispatcher@8f99123]
                                                                                                    Caused by: java.lang.ClassNotFoundException: androidx.media3.exoplayer.hls.HlsMediaSource$Factory
                                                                                                    	at java.lang.Class.classForName(Native Method)
                                                                                                    	at java.lang.Class.forName(Class.java:454)
                                                                                                    	at java.lang.Class.forName(Class.java:379)
                                                                                                    	at androidx.media3.exoplayer.source.DefaultMediaSourceFactory$DelegateFactoryLoader.loadSupplier(DefaultMediaSourceFactory.java:757)
                                                                                                    	at androidx.media3.exoplayer.source.DefaultMediaSourceFactory$DelegateFactoryLoader.getMediaSourceFactory(DefaultMediaSourceFactory.java:640)
                                                                                                    	at androidx.media3.exoplayer.source.DefaultMediaSourceFactory.createMediaSource(DefaultMediaSourceFactory.java:479)
                                                                                                    	... 17 more
                                                                                                    Caused by: java.lang.ClassNotFoundException: androidx.media3.exoplayer.hls.HlsMediaSource$Factory
                                                                                                    	... 23 more
2026-04-19 16:01:23.796 16241-16241 rg.juneix.embyx         org.juneix.embyx                     W  type=1400 audit(0.0:64207): avc:  denied  { search } for  name="miuilog" dev="dm-55" ino=408 scontext=u:r:untrusted_app:s0:c231,c256,c512,c768 tcontext=u:object_r:data_log_file:s0 tclass=dir permissive=0 app=org.juneix.embyx
2026-04-19 16:01:23.796 16241-16241 rg.juneix.embyx         org.juneix.embyx                     W  type=1400 audit(0.0:64208): avc:  denied  { search } for  name="miuilog" dev="dm-55" ino=408 scontext=u:r:untrusted_app:s0:c231,c256,c512,c768 tcontext=u:object_r:data_log_file:s0 tclass=dir permissive=0 app=org.juneix.embyx
2026-04-19 16:01:23.796 16241-16241 rg.juneix.embyx         org.juneix.embyx                     W  type=1400 audit(0.0:64209): avc:  denied  { search } for  name="miuilog" dev="dm-55" ino=408 scontext=u:r:untrusted_app:s0:c231,c256,c512,c768 tcontext=u:object_r:data_log_file:s0 tclass=dir permissive=0 app=org.juneix.embyx
2026-04-19 16:01:23.796 16241-16241 rg.juneix.embyx         org.juneix.embyx                     W  type=1400 audit(0.0:64210): avc:  denied  { search } for  name="miuilog" dev="dm-55" ino=408 scontext=u:r:untrusted_app:s0:c231,c256,c512,c768 tcontext=u:object_r:data_log_file:s0 tclass=dir permissive=0 app=org.juneix.embyx
2026-04-19 16:01:23.796 16241-16241 rg.juneix.embyx         org.juneix.embyx                     W  type=1400 audit(0.0:64211): avc:  denied  { search } for  name="miuilog" dev="dm-55" ino=408 scontext=u:r:untrusted_app:s0:c231,c256,c512,c768 tcontext=u:object_r:data_log_file:s0 tclass=dir permissive=0 app=org.juneix.embyx
2026-04-19 16:01:23.800 16241-16241 ScoutUtils              org.juneix.embyx                     W  Failed to mkdir /data/miuilog/stability/memleak/heapdump/
2026-04-19 16:01:23.803  1690-1713  mtkpower_client         system_server                        I  [Legacy][PowerHal_Wrap_notifyAppState] org.juneix.embyx/org.juneix.embyx pid=16241 state:3
2026-04-19 16:01:23.803   970-1060  libPowerHal             ven...hardware.mtkpower@1.0-service  I  [perfNotifyAppState] pack:org.juneix.embyx, act:org.juneix.embyx, state:3, pid:16241, uid:10231, fps:120
2026-04-19 16:01:23.803   970-1060  libPowerHal             ven...hardware.mtkpower@1.0-service  I  [perfNotifyAppState] pack:org.juneix.embyx, pid:16241, STATE_DEAD
2026-04-19 16:01:23.804  1690-1713  ActivityTaskManager     system_server                        W    Force finishing activity org.juneix.embyx/.MainActivity
2026-04-19 16:01:23.805  1690-1713  WindowManager           system_server                        W  Changing focus from Window{e2cee8c u0 org.juneix.embyx/org.juneix.embyx.MainActivity} to null displayId=0 Callers=com.android.server.wm.RootWindowContainer.updateFocusedWindowLocked:539 com.android.server.wm.WindowManagerService.updateFocusedWindowLocked:6779 com.android.server.wm.ActivityTaskManagerService.setLastResumedActivityUncheckLocked:5443 com.android.server.wm.ActivityRecord.moveFocusableActivityToTop:3979 
2026-04-19 16:01:23.805  1690-1713  WindowManager           system_server                        D  Collecting in transition 570: Task{6c0d72b #9019 type=standard A=10231:org.juneix.embyx} init visibleRequested:true
2026-04-19 16:01:23.805  1690-1713  WindowManager           system_server                        D  Collecting in transition 570: ActivityRecord{424037a u0 org.juneix.embyx/.MainActivity t9019 f}} init visibleRequested:true
2026-04-19 16:01:23.806  1690-1713  PowerHalWrapper         system_server                        I  amsBoostNotify pid:16241,activity:org.juneix.embyx.MainActivity, package:org.juneix.embyx, mProcessCreatePackorg.juneix.embyx 
2026-04-19 16:01:23.806  1690-1713  mtkpower_client         system_server                        I  [Legacy][PowerHal_Wrap_notifyAppState] org.juneix.embyx/org.juneix.embyx.MainActivity pid=16241 state:0
2026-04-19 16:01:23.806   970-1060  libPowerHal             ven...hardware.mtkpower@1.0-service  I  [perfNotifyAppState] pack:org.juneix.embyx, act:org.juneix.embyx.MainActivity, state:0, pid:16241, uid:10231, fps:120
2026-04-19 16:01:23.809 16241-16241 Process                 org.juneix.embyx                     I  Process is going to kill itself!
                                                                                                    java.lang.Exception
                                                                                                    	at android.os.Process.killProcess(Process.java:1346)
                                                                                                    	at com.android.internal.os.RuntimeInit$KillApplicationHandler.uncaughtException(RuntimeInit.java:178)
                                                                                                    	at java.lang.ThreadGroup.uncaughtException(ThreadGroup.java:1073)
                                                                                                    	at java.lang.ThreadGroup.uncaughtException(ThreadGroup.java:1068)
                                                                                                    	at kotlinx.coroutines.internal.CoroutineExceptionHandlerImplKt.propagateExceptionFinalResort(CoroutineExceptionHandlerImpl.kt:31)
                                                                                                    	at kotlinx.coroutines.internal.CoroutineExceptionHandlerImpl_commonKt.handleUncaughtCoroutineException(CoroutineExceptionHandlerImpl.common.kt:48)
                                                                                                    	at kotlinx.coroutines.CoroutineExceptionHandlerKt.handleCoroutineException(CoroutineExceptionHandler.kt:28)
                                                                                                    	at kotlinx.coroutines.StandaloneCoroutine.handleJobException(Builders.common.kt:190)
                                                                                                    	at kotlinx.coroutines.JobSupport.finalizeFinishingState(JobSupport.kt:228)
                                                                                                    	at kotlinx.coroutines.JobSupport.tryMakeCompletingSlowPath(JobSupport.kt:917)
                                                                                                    	at kotlinx.coroutines.JobSupport.tryMakeCompleting(JobSupport.kt:874)
                                                                                                    	at kotlinx.coroutines.JobSupport.makeCompletingOnce$kotlinx_coroutines_core(JobSupport.kt:839)
                                                                                                    	at kotlinx.coroutines.AbstractCoroutine.resumeWith(AbstractCoroutine.kt:97)
                                                                                                    	at kotlin.coroutines.jvm.internal.BaseContinuationImpl.resumeWith(ContinuationImpl.kt:46)
                                                                                                    	at kotlinx.coroutines.DispatchedTask.run(DispatchedTask.kt:104)
                                                                                                    	at androidx.compose.ui.platform.AndroidUiDispatcher.performTrampolineDispatch(AndroidUiDispatcher.android.kt:81)
                                                                                                    	at androidx.compose.ui.platform.AndroidUiDispatcher.access$performTrampolineDispatch(AndroidUiDispatcher.android.kt:41)
